// Jest Snapshot v1, https://goo.gl/fbAQLP

exports[`<Pocket /> should render correctly 1`] = `
<styled.div>
  <styled.div>
    <CurrencyLabel>
      Â£
    </CurrencyLabel>
    <AmountLabel>
      You have 
      EUR
      55.22
    </AmountLabel>
  </styled.div>
  <styled.div>
    <AmountInput
      autoFocus={true}
      onChange={[Function]}
      type="text"
      value=""
    />
  </styled.div>
</styled.div>
`;
